// Jest Snapshot v1, https://goo.gl/fbAQLP

exports[`TypescriptParser isAsync Flag should parse async functions correctly 1`] = `
Array [
  FunctionDeclaration {
    "end": 207,
    "isAsync": false,
    "isExported": false,
    "name": "func",
    "parameters": Array [],
    "start": 183,
    "type": "void",
    "variables": Array [],
  },
  FunctionDeclaration {
    "end": 253,
    "isAsync": true,
    "isExported": false,
    "name": "asyncFunc",
    "parameters": Array [],
    "start": 209,
    "type": "Promise<void>",
    "variables": Array [],
  },
  FunctionDeclaration {
    "end": 295,
    "isAsync": true,
    "isExported": false,
    "name": "asyncFuncWithoutType",
    "parameters": Array [],
    "start": 255,
    "type": undefined,
    "variables": Array [],
  },
  FunctionDeclaration {
    "end": 337,
    "isAsync": false,
    "isExported": false,
    "name": "promiseFunc",
    "parameters": Array [],
    "start": 297,
    "type": "Promise<void>",
    "variables": Array [],
  },
]
`;

exports[`TypescriptParser isAsync Flag should parse the given async elements in a class 1`] = `
ClassDeclaration {
  "accessors": Array [],
  "end": 179,
  "isExported": false,
  "methods": Array [
    MethodDeclaration {
      "end": 56,
      "isAbstract": false,
      "isAsync": true,
      "isOptional": false,
      "isStatic": true,
      "name": "staticAsync",
      "parameters": Array [],
      "start": 20,
      "type": undefined,
      "variables": Array [],
      "visibility": 2,
    },
    MethodDeclaration {
      "end": 84,
      "isAbstract": false,
      "isAsync": false,
      "isOptional": false,
      "isStatic": false,
      "name": "func",
      "parameters": Array [],
      "start": 62,
      "type": "void",
      "variables": Array [],
      "visibility": 2,
    },
    MethodDeclaration {
      "end": 132,
      "isAbstract": false,
      "isAsync": true,
      "isOptional": false,
      "isStatic": false,
      "name": "asyncFunc",
      "parameters": Array [],
      "start": 90,
      "type": "Promise<void>",
      "variables": Array [],
      "visibility": 2,
    },
    MethodDeclaration {
      "end": 176,
      "isAbstract": false,
      "isAsync": true,
      "isOptional": false,
      "isStatic": false,
      "name": "asyncFuncWithoutType",
      "parameters": Array [],
      "start": 138,
      "type": undefined,
      "variables": Array [],
      "visibility": 2,
    },
  ],
  "name": "Class1",
  "properties": Array [],
  "start": 0,
}
`;
